
波罗的海@▒▒▒▒ļ▒▒▒▒ MINGW64 /d/myFile/springbootDemos/HealthSystem (master)
$ git init
Reinitialized existing Git repository in D:/myFile/springbootDemos/HealthSystem/.git/

波罗的海@▒▒▒▒ļ▒▒▒▒ MINGW64 /d/myFile/springbootDemos/HealthSystem (master)
$ git status
On branch master
Your branch is up to date with 'origin/master'.

Changes not staged for commit:
  (use "git add <file>..." to update what will be committed)
  (use "git restore <file>..." to discard changes in working directory)
        modified:   springboot/src/main/java/com/xjh/springboot/controller/LoginController.java
        modified:   springboot/src/main/java/com/xjh/springboot/controller/UserController.java
        modified:   springboot/src/main/java/com/xjh/springboot/dao/UserDao.java
        modified:   springboot/src/main/resources/mappers/UserMapping.xml
        modified:   vueProject/firstboot/src/components/admin/UserList.vue
        modified:   vueProject/firstboot/src/components/login.vue

Untracked files:
  (use "git add <file>..." to include in what will be committed)
        submitlog/10th_push.txt

no changes added to commit (use "git add" and/or "git commit -a")

波罗的海@▒▒▒▒ļ▒▒▒▒ MINGW64 /d/myFile/springbootDemos/HealthSystem (master)
$ git add .

波罗的海@▒▒▒▒ļ▒▒▒▒ MINGW64 /d/myFile/springbootDemos/HealthSystem (master)
$ git commit -m "HeathSystemCommit_v1.0.12 modifyuserModulIsOverInThisVersion"
[master a7bdcc4] HeathSystemCommit_v1.0.12 modifyuserModulIsOverInThisVersion
 7 files changed, 173 insertions(+), 16 deletions(-)
 create mode 100644 submitlog/10th_push.txt

波罗的海@▒▒▒▒ļ▒▒▒▒ MINGW64 /d/myFile/springbootDemos/HealthSystem (master)
$ git push
Enumerating objects: 49, done.
Counting objects: 100% (49/49), done.
Delta compression using up to 4 threads
Compressing objects: 100% (22/22), done.
Writing objects: 100% (26/26), 4.73 KiB | 807.00 KiB/s, done.
Total 26 (delta 13), reused 0 (delta 0), pack-reused 0
remote: Resolving deltas: 100% (13/13), completed with 13 local objects.
To https://github.com/11000100111010101100111/HealthSystem.git
   7c73fdf..a7bdcc4  master -> master

波罗的海@▒▒▒▒ļ▒▒▒▒ MINGW64 /d/myFile/springbootDemos/HealthSystem (master)
$ ^C

波罗的海@▒▒▒▒ļ▒▒▒▒ MINGW64 /d/myFile/springbootDemos/HealthSystem (master)
$
