Administrator@3-1-202 MINGW32 /d/xjhProjects/heathSystem/HealthSystem (master)
$ git add .

Administrator@3-1-202 MINGW32 /d/xjhProjects/heathSystem/HealthSystem (master)
$ git status
On branch master
Your branch is up to date with 'origin/master'.

Changes to be committed:
  (use "git restore --staged <file>..." to unstage)
        new file:   submitlog/5thpush.txt
        new file:   submitlog/7thpull.txt


Administrator@3-1-202 MINGW32 /d/xjhProjects/heathSystem/HealthSystem (master)
$ git commit -m "7thCommit_HeathSystem_v1.0.5_addLogs"
[master b8c3bb1] 7thCommit_HeathSystem_v1.0.5_addLogs
 2 files changed, 124 insertions(+)
 create mode 100644 submitlog/5thpush.txt
 create mode 100644 submitlog/7thpull.txt

Administrator@3-1-202 MINGW32 /d/xjhProjects/heathSystem/HealthSystem (master)
$ git push
Enumerating objects: 7, done.
Counting objects: 100% (7/7), done.
Delta compression using up to 2 threads
Compressing objects: 100% (5/5), done.
Writing objects: 100% (5/5), 2.12 KiB | 2.12 MiB/s, done.
Total 5 (delta 1), reused 0 (delta 0), pack-reused 0
remote: Resolving deltas: 100% (1/1), completed with 1 local object.
To https://github.com/11000100111010101100111/HealthSystem.git
   003119d..b8c3bb1  master -> master

Administrator@3-1-202 MINGW32 /d/xjhProjects/heathSystem/HealthSystem (master)
