
波罗的海@▒▒▒▒ļ▒▒▒▒ MINGW64 /d/myFile/springbootDemos/HealthSystem (master)
$ git init
Reinitialized existing Git repository in D:/myFile/springbootDemos/HealthSystem/.git/

波罗的海@▒▒▒▒ļ▒▒▒▒ MINGW64 /d/myFile/springbootDemos/HealthSystem (master)
$ git status
On branch master
Your branch is up to date with 'origin/master'.

Changes not staged for commit:
  (use "git add <file>..." to update what will be committed)
  (use "git restore <file>..." to discard changes in working directory)
        modified:   springboot/src/main/java/com/xjh/springboot/controller/UserController.java
        modified:   springboot/src/main/java/com/xjh/springboot/dao/UserDao.java
        modified:   springboot/src/main/resources/application.yml
        modified:   springboot/src/main/resources/mappers/UserMapping.xml
        modified:   vueProject/firstboot/src/assets/css/global.css
        modified:   vueProject/firstboot/src/components/admin/UserList.vue

Untracked files:
  (use "git add <file>..." to include in what will be committed)
        submitlog/6th_push.txt
        submitlog/8_pull.txt
        submitlog/9_pull.txt

no changes added to commit (use "git add" and/or "git commit -a")

波罗的海@▒▒▒▒ļ▒▒▒▒ MINGW64 /d/myFile/springbootDemos/HealthSystem (master)
$ git add .

波罗的海@▒▒▒▒ļ▒▒▒▒ MINGW64 /d/myFile/springbootDemos/HealthSystem (master)
$ git commit -m "HeathSystem9thCommit_v1.0.10 modifyUserState"
[master f3d93ae] HeathSystem9thCommit_v1.0.10 modifyUserState
 9 files changed, 383 insertions(+), 124 deletions(-)
 create mode 100644 submitlog/6th_push.txt
 create mode 100644 submitlog/8_pull.txt
 create mode 100644 submitlog/9_pull.txt
 rewrite vueProject/firstboot/src/components/admin/UserList.vue (92%)

波罗的海@▒▒▒▒ļ▒▒▒▒ MINGW64 /d/myFile/springbootDemos/HealthSystem (master)
$ git push origin master
Enumerating objects: 56, done.
Counting objects: 100% (56/56), done.
Delta compression using up to 4 threads
Compressing objects: 100% (25/25), done.
Writing objects: 100% (30/30), 6.98 KiB | 715.00 KiB/s, done.
Total 30 (delta 12), reused 0 (delta 0), pack-reused 0
remote: Resolving deltas: 100% (12/12), completed with 11 local objects.
To https://github.com/11000100111010101100111/HealthSystem.git
   f222133..f3d93ae  master -> master

波罗的海@▒▒▒▒ļ▒▒▒▒ MINGW64 /d/myFile/springbootDemos/HealthSystem (master)
$
