
Administrator@3-1-202 MINGW32 /d/xjhProjects/heathSystem/HealthSystem (master)
$ git init
Reinitialized existing Git repository in D:/xjhProjects/heathSystem/HealthSystem/.git/

Administrator@3-1-202 MINGW32 /d/xjhProjects/heathSystem/HealthSystem (master)
$ git add .

Administrator@3-1-202 MINGW32 /d/xjhProjects/heathSystem/HealthSystem (master)
$ git status
On branch master
Your branch is up to date with 'origin/master'.

Changes to be committed:
  (use "git restore --staged <file>..." to unstage)
        renamed:    springboot/src/main/java/com/xjh/springboot/controller/testController/LoginController.java -> springboot/src/main/java/com/xjh/springboot/controller/LoginController.java
        renamed:    springboot/src/main/java/com/xjh/springboot/controller/testController/MenuController.java -> springboot/src/main/java/com/xjh/springboot/controller/MenuController.java
        new file:   springboot/src/main/java/com/xjh/springboot/controller/UserController.java
        modified:   springboot/src/main/java/com/xjh/springboot/dao/UserDao.java
        new file:   springboot/src/main/java/com/xjh/springboot/pojo/QueryInfo.java
        modified:   springboot/src/main/resources/mappers/UserMapping.xml
        new file:   submitlog/8th_push.txt
        modified:   vueProject/firstboot/src/assets/css/global.css
        modified:   vueProject/firstboot/src/components/admin/UserList.vue


Administrator@3-1-202 MINGW32 /d/xjhProjects/heathSystem/HealthSystem (master)
$ git commit -m "HeathSystem_8thCommit_v1.0.9_createUserListPage"
[master f222133] HeathSystem_8thCommit_v1.0.9_createUserListPage
 9 files changed, 306 insertions(+), 6 deletions(-)
 rename springboot/src/main/java/com/xjh/springboot/controller/{testController => }/LoginController.java (95%)
 rename springboot/src/main/java/com/xjh/springboot/controller/{testController => }/MenuController.java (92%)
 create mode 100644 springboot/src/main/java/com/xjh/springboot/controller/UserController.java
 create mode 100644 springboot/src/main/java/com/xjh/springboot/pojo/QueryInfo.java
 create mode 100644 submitlog/8th_push.txt

Administrator@3-1-202 MINGW32 /d/xjhProjects/heathSystem/HealthSystem (master)
$ git push origin master
Enumerating objects: 58, done.
Counting objects: 100% (58/58), done.
Delta compression using up to 2 threads
Compressing objects: 100% (26/26), done.
Writing objects: 100% (32/32), 7.44 KiB | 1.49 MiB/s, done.
Total 32 (delta 8), reused 0 (delta 0), pack-reused 0
remote: Resolving deltas: 100% (8/8), completed with 8 local objects.
To https://github.com/11000100111010101100111/HealthSystem.git
   f870f43..f222133  master -> master

Administrator@3-1-202 MINGW32 /d/xjhProjects/heathSystem/HealthSystem (master)
$
